// Jest Snapshot v1, https://goo.gl/fbAQLP

exports[`Button component matches Button snapshot 1`] = `
<button
  onClick={[Function]}
>
  Click me!!!
</button>
`;
