// Jest Snapshot v1, https://goo.gl/fbAQLP

exports[`Title component matches Title snapshot 1`] = `
<h1>
  Welcome to React!!!
</h1>
`;
